// Jest Snapshot v1, https://goo.gl/fbAQLP

exports[`Card matches the snapShot 1`] = `
ShallowWrapper {
  "length": 1,
  Symbol(enzyme.__root__): [Circular],
  Symbol(enzyme.__unrendered__): <Card
    individual={
        Object {
            "species": "human",
          }
    }
    isFavorite={true}
    toggleFavorites={[Function]}
/>,
  Symbol(enzyme.__renderer__): Object {
    "batchedUpdates": [Function],
    "getNode": [Function],
    "render": [Function],
    "simulateEvent": [Function],
    "unmount": [Function],
  },
  Symbol(enzyme.__node__): Object {
    "instance": null,
    "key": undefined,
    "nodeType": "host",
    "props": Object {
      "children": Array [
        <button
          name={undefined}
          onClick={[Function]}
>
           Favorite 
</button>,
        <h3 />,
        <p>
          species: 
          human
</p>,
        <p>
          Homeworld: 
</p>,
        <p>
          population: 
</p>,
      ],
      "className": "card person favorite",
    },
    "ref": null,
    "rendered": Array [
      Object {
        "instance": null,
        "key": undefined,
        "nodeType": "host",
        "props": Object {
          "children": " Favorite ",
          "name": undefined,
          "onClick": [Function],
        },
        "ref": null,
        "rendered": " Favorite ",
        "type": "button",
      },
      Object {
        "instance": null,
        "key": undefined,
        "nodeType": "host",
        "props": Object {
          "children": undefined,
        },
        "ref": null,
        "rendered": null,
        "type": "h3",
      },
      Object {
        "instance": null,
        "key": undefined,
        "nodeType": "host",
        "props": Object {
          "children": Array [
            "species: ",
            "human",
          ],
        },
        "ref": null,
        "rendered": Array [
          "species: ",
          "human",
        ],
        "type": "p",
      },
      Object {
        "instance": null,
        "key": undefined,
        "nodeType": "host",
        "props": Object {
          "children": Array [
            "Homeworld: ",
            undefined,
          ],
        },
        "ref": null,
        "rendered": Array [
          "Homeworld: ",
          undefined,
        ],
        "type": "p",
      },
      Object {
        "instance": null,
        "key": undefined,
        "nodeType": "host",
        "props": Object {
          "children": Array [
            "population: ",
            undefined,
          ],
        },
        "ref": null,
        "rendered": Array [
          "population: ",
          undefined,
        ],
        "type": "p",
      },
    ],
    "type": "div",
  },
  Symbol(enzyme.__nodes__): Array [
    Object {
      "instance": null,
      "key": undefined,
      "nodeType": "host",
      "props": Object {
        "children": Array [
          <button
            name={undefined}
            onClick={[Function]}
>
             Favorite 
</button>,
          <h3 />,
          <p>
            species: 
            human
</p>,
          <p>
            Homeworld: 
</p>,
          <p>
            population: 
</p>,
        ],
        "className": "card person favorite",
      },
      "ref": null,
      "rendered": Array [
        Object {
          "instance": null,
          "key": undefined,
          "nodeType": "host",
          "props": Object {
            "children": " Favorite ",
            "name": undefined,
            "onClick": [Function],
          },
          "ref": null,
          "rendered": " Favorite ",
          "type": "button",
        },
        Object {
          "instance": null,
          "key": undefined,
          "nodeType": "host",
          "props": Object {
            "children": undefined,
          },
          "ref": null,
          "rendered": null,
          "type": "h3",
        },
        Object {
          "instance": null,
          "key": undefined,
          "nodeType": "host",
          "props": Object {
            "children": Array [
              "species: ",
              "human",
            ],
          },
          "ref": null,
          "rendered": Array [
            "species: ",
            "human",
          ],
          "type": "p",
        },
        Object {
          "instance": null,
          "key": undefined,
          "nodeType": "host",
          "props": Object {
            "children": Array [
              "Homeworld: ",
              undefined,
            ],
          },
          "ref": null,
          "rendered": Array [
            "Homeworld: ",
            undefined,
          ],
          "type": "p",
        },
        Object {
          "instance": null,
          "key": undefined,
          "nodeType": "host",
          "props": Object {
            "children": Array [
              "population: ",
              undefined,
            ],
          },
          "ref": null,
          "rendered": Array [
            "population: ",
            undefined,
          ],
          "type": "p",
        },
      ],
      "type": "div",
    },
  ],
  Symbol(enzyme.__options__): Object {
    "adapter": ReactSixteenAdapter {
      "options": Object {
        "enableComponentDidUpdateOnSetState": true,
      },
    },
  },
}
`;
